// Jest Snapshot v1, https://goo.gl/fbAQLP

exports[`Rendering <ExpenseDashBoardPage/> Renders <ExpenseDashBoardPage/> correctly 1`] = `
<div>
  <Connect(ExpenseSummary) />
  <Connect(ExpenseListFilter) />
  <Connect(ExpenseList) />
</div>
`;
