// Jest Snapshot v1, https://goo.gl/fbAQLP

exports[`Rendering the Expense List component Render <ExpenseList/> with an empty expenses array as props 1`] = `
<div>
  <h1>
    Expense List
  </h1>
  <p>
    No expenses Yet
  </p>
</div>
`;

exports[`Rendering the Expense List component Render the <ExpenseList/> with expenses as props 1`] = `
<div>
  <h1>
    Expense List
  </h1>
  <ExpenseListItem
    amount={54500}
    createdAt={0}
    description="January rent"
    id="1"
    key="1"
    note="Last rent before moving"
  />
  <ExpenseListItem
    amount={4500}
    createdAt={-345600000}
    description="Cable Money"
    id="2"
    key="2"
    note="Gotv cable money"
  />
  <ExpenseListItem
    amount={45000}
    createdAt={345600000}
    description="Data Money"
    id="3"
    key="3"
    note="Subscription for the month"
  />
</div>
`;
