// Jest Snapshot v1, https://goo.gl/fbAQLP

exports[`To test the Header component with enzyme package should render Header correctly 1`] = `
<header>
  <h1>
    Expensify
  </h1>
  <NavLink
    activeClassName="is-active"
    to="/dashboard"
  >
    My Dashboard
  </NavLink>
  <NavLink
    activeClassName="is-active"
    to="/create"
  >
    Create Expense
  </NavLink>
  <button
    onClick={[MockFunction]}
  >
    LogOut
  </button>
</header>
`;
